[build] version=1.1.0

up to date in 464ms
[33mThe CJS build of Vite's Node API is deprecated. See https://vite.dev/guide/troubleshooting.html#vite-cjs-node-api-deprecated for more details.[39m

 RUN  v2.1.9 /home/qiuyanlong/worespace/by-claw-poc-linux/poc/electron-app

stderr | tests/update-service.test.ts > UpdateService > corrupt state file -> fallback + stateSource=fallback + no throw
[byclaw] update-state read failed, using fallback: SyntaxError: Expected property name or '}' in JSON at position 2 (line 1 column 3)
    at JSON.parse (<anonymous>)
    at /home/qiuyanlong/worespace/by-claw-poc-linux/poc/electron-app/src/main/update-service.ts:39:42
    at processTicksAndRejections (node:internal/process/task_queues:103:5)
    at UpdateService.compute (/home/qiuyanlong/worespace/by-claw-poc-linux/poc/electron-app/src/main/update-service.ts:77:14)
    at /home/qiuyanlong/worespace/by-claw-poc-linux/poc/electron-app/tests/update-service.test.ts:11:15
    at file:///home/qiuyanlong/worespace/by-claw-poc-linux/poc/electron-app/node_modules/@vitest/runner/dist/index.js:533:5
    at runTest (file:///home/qiuyanlong/worespace/by-claw-poc-linux/poc/electron-app/node_modules/@vitest/runner/dist/index.js:1056:11)
    at runSuite (file:///home/qiuyanlong/worespace/by-claw-poc-linux/poc/electron-app/node_modules/@vitest/runner/dist/index.js:1205:15)
    at runSuite (file:///home/qiuyanlong/worespace/by-claw-poc-linux/poc/electron-app/node_modules/@vitest/runner/dist/index.js:1205:15)
    at runFiles (file:///home/qiuyanlong/worespace/by-claw-poc-linux/poc/electron-app/node_modules/@vitest/runner/dist/index.js:1262:5)

stderr | tests/update-service.test.ts > UpdateService > missing state file (ENOENT) -> fallback
[byclaw] update-state read failed, using fallback: Error: ENOENT
    at readStateFile (/home/qiuyanlong/worespace/by-claw-poc-linux/poc/electron-app/tests/update-service.test.ts:16:76)
    at /home/qiuyanlong/worespace/by-claw-poc-linux/poc/electron-app/src/main/update-service.ts:38:28
    at UpdateService.compute (/home/qiuyanlong/worespace/by-claw-poc-linux/poc/electron-app/src/main/update-service.ts:75:5)
    at /home/qiuyanlong/worespace/by-claw-poc-linux/poc/electron-app/tests/update-service.test.ts:17:25
    at file:///home/qiuyanlong/worespace/by-claw-poc-linux/poc/electron-app/node_modules/@vitest/runner/dist/index.js:146:14
    at file:///home/qiuyanlong/worespace/by-claw-poc-linux/poc/electron-app/node_modules/@vitest/runner/dist/index.js:533:11
    at runWithTimeout (file:///home/qiuyanlong/worespace/by-claw-poc-linux/poc/electron-app/node_modules/@vitest/runner/dist/index.js:39:7)
    at runTest (file:///home/qiuyanlong/worespace/by-claw-poc-linux/poc/electron-app/node_modules/@vitest/runner/dist/index.js:1056:17)
    at processTicksAndRejections (node:internal/process/task_queues:103:5)
    at runSuite (file:///home/qiuyanlong/worespace/by-claw-poc-linux/poc/electron-app/node_modules/@vitest/runner/dist/index.js:1205:15)

 ✓ tests/upgrade-detect.test.ts (10 tests) 5ms
 ✓ tests/state-machine.test.ts (12 tests) 7ms
 ✓ tests/update-service.test.ts (11 tests) 72ms
 ✓ tests/semver.test.ts (6 tests) 3ms
 ✓ tests/restart-dedup.test.ts (1 test) 10ms

 Test Files  5 passed (5)
      Tests  40 passed (40)
   Start at  01:00:14
   Duration  702ms (transform 159ms, setup 0ms, collect 340ms, tests 98ms, environment 178ms, prepare 263ms)

[33mThe CJS build of Vite's Node API is deprecated. See https://vite.dev/guide/troubleshooting.html#vite-cjs-node-api-deprecated for more details.[39m
vite v5.4.21 building for production...
transforming...
✓ 18 modules transformed.
rendering chunks...
computing gzip size...
../../dist/renderer/index.html                  0.29 kB │ gzip:  0.23 kB
../../dist/renderer/assets/index-XhLh2DDX.css   0.75 kB │ gzip:  0.42 kB
../../dist/renderer/assets/index-BXP6cpdP.js   67.49 kB │ gzip: 26.91 kB
✓ built in 693ms
vite v5.4.21 building for production...
transforming...
✓ 98 modules transformed.
rendering chunks...
computing gzip size...
dist/main.js  21.93 kB │ gzip: 7.50 kB
✓ built in 172ms
vite v5.4.21 building for production...
transforming...
✓ 1 modules transformed.
rendering chunks...
computing gzip size...
dist/preload.js  0.52 kB │ gzip: 0.28 kB
✓ built in 8ms
  • electron-builder  version=25.1.8 os=7.0.0-28-generic
  • loaded configuration  file=/home/qiuyanlong/worespace/by-claw-poc-linux/poc/electron-app/electron-builder.yml
  • executing @electron/rebuild  electronVersion=43.4.1 arch=x64 buildFromSource=false appDir=./
  • installing native dependencies  arch=x64
  • completed installing native dependencies
  • packaging       platform=linux arch=x64 electron=43.4.1 appOutDir=/home/qiuyanlong/worespace/by-claw-poc-linux/poc/dist-electron/linux-unpacked
  • copying Electron  source=/home/qiuyanlong/worespace/by-claw-poc-linux/poc/electron-app/node_modules/electron/dist destination=/home/qiuyanlong/worespace/by-claw-poc-linux/poc/dist-electron/linux-unpacked
  • Cannot detect repository by .git/config. Please specify "repository" in the package.json (https://docs.npmjs.com/files/package.json#repository).
Please see https://electron.build/publish
[build] stage DEB tree
[build] dpkg-deb
dpkg-deb: 正在 '/home/qiuyanlong/worespace/by-claw-poc-linux/poc/packages/byclaw_1.1.0_amd64.deb' 中构建软件包 'byclaw'。
[build] verify six-place version consistency
[verify] expected version: 1.1.0
  OK   DEBIAN/control Version (#2) = 1.1.0
  OK   postinst installedVersion (#3) = 1.1.0
  OK   filename (#4)
  OK   update-policy latestVersion (#5) = 1.1.0
  NOTE Packages-index (#6) + HTTP policy (#5) re-verified post-publish by: verify-versions.sh --published 1.1.0 <repo-base-url>
[verify] build-time checks OK
[build] OK -> /home/qiuyanlong/worespace/by-claw-poc-linux/poc/packages/byclaw_1.1.0_amd64.deb
